string exceeds the maximum length.
There is an error in the original string.
