--encode ./test/encode/bad1.bminor
There is an error in the original string.
