does not have quotation in the back.
There is an error in the original string.
