does not have quotation in the front.
There is an error in the original string.
