--encode ./test/encode/bad6.bminor
Cannot read in content of file.
