--encode ./test/encode/bad7.bminor
does not have quotation in the front.
There is an error in the original string.
