there is nothing behind the escape.
There is an error in the original string.
