--encode ./test/encode/bad9.bminor
There is an error in the original string.
