"dbhJx5ver9y9pbVU5BuxQShMQtVjqBj5airFP3zcCL7tzvtRIA1uXIpI1L8WcLPtKqrs9Av0sq7xPMKOhg5A5NluN9dMQAXnhO6FpbUQwtKoWlhuKBGWQPYvb0HrwgR25rS5X0ZuVLRvO8h1pCOtdbyyTVWr70ueQ4ZsNk7EohNbHq0TVHa6O72UL2k27LjMevNNFkEUvZXZlw0YCRwtlDC20JmnriVMwwBBXc7ngog1AT2fmhBReiXDQFFpIKM"
