--encode ./test/encode/good0.bminor
"\b M e l /t Y 0 u R p O p s i c l e s \n"
