--encode ./test/encode/good7.bminor
"/t>>>>>>>> <<<<<<<<<<<</d"
