--encode ./test/encode/good3.bminor
"Hello \" \" Hello"
