--encode ./test/encode/good6.bminor
"                                            "
